// Bun Snapshot v1, https://goo.gl/fbAQLP

exports[`v5 button_full 1`] = `
{
  "description": 
"Button lets the user perform an action.

Read more about this component in the [Aksel documentation](https://aksel.nav.no/komponenter/core/button).

All extra props are passed to the root element."
,
  "events": [],
  "externalExtends": [
    "HTMLButtonAttributes",
    "HTMLAnchorAttributes",
  ],
  "name": "Button",
  "props": [
    {
      "default": ""button"",
      "description": "",
      "name": "as",
      "optional": true,
      "type": {
        "type": "union",
        "values": [
          {
            "type": "literal",
            "value": ""button"",
          },
          {
            "type": "literal",
            "value": ""a"",
          },
        ],
      },
    },
    {
      "default": "false",
      "description": 
"**Avoid using if possible for accessibility purposes.**

Prevent the user from interacting with the button: it cannot be pressed or focused."
,
      "name": "disabled",
      "optional": true,
      "type": {
        "type": "union",
        "values": [
          {
            "type": "boolean",
          },
          {
            "type": "literal",
            "value": "null",
          },
        ],
      },
    },
    {
      "description": "",
      "name": "href",
      "optional": true,
      "type": {
        "type": "string",
      },
    },
    {
      "default": "false",
      "description": "Replaces button content with a Loader component, keeps width.",
      "name": "loading",
      "optional": true,
      "type": {
        "type": "boolean",
      },
    },
    {
      "bindable": true,
      "description": "Ref is the button element. Bind to this to obtain the button element.",
      "name": "ref",
      "optional": true,
      "type": {
        "external": true,
        "name": "Element",
        "type": "interface",
      },
    },
    {
      "default": ""medium"",
      "description": "Changes padding, height, and font-size.",
      "name": "size",
      "optional": true,
      "type": {
        "type": "union",
        "values": [
          {
            "type": "literal",
            "value": ""medium"",
          },
          {
            "type": "literal",
            "value": ""small"",
          },
          {
            "type": "literal",
            "value": ""xsmall"",
          },
        ],
      },
    },
    {
      "default": ""primary"",
      "description": "Changes design and interaction-visuals.",
      "name": "variant",
      "optional": true,
      "type": {
        "type": "union",
        "values": [
          {
            "type": "literal",
            "value": ""primary"",
          },
          {
            "type": "literal",
            "value": ""primary-neutral"",
          },
          {
            "type": "literal",
            "value": ""secondary"",
          },
          {
            "type": "literal",
            "value": ""secondary-neutral"",
          },
          {
            "type": "literal",
            "value": ""tertiary"",
          },
          {
            "type": "literal",
            "value": ""tertiary-neutral"",
          },
          {
            "type": "literal",
            "value": ""danger"",
          },
        ],
      },
    },
  ],
  "slots": [
    {
      "description": "Content of the button",
      "lets": [],
      "name": "children",
      "optional": true,
      "snippet": true,
    },
    {
      "description": "Place icon to the left of the content",
      "lets": [],
      "name": "iconLeft",
      "optional": true,
      "snippet": true,
    },
    {
      "description": "Place icon to the right of the content",
      "lets": [],
      "name": "iconRight",
      "optional": true,
      "snippet": true,
    },
  ],
}
`;
